{"id":"foo","isDuringSearch":false,"moveInfos":[{"lcb":0.29800509190280744,"move":"Q5","order":0,"prior":0.8078576326370239,"pv":["Q5","R4","P4","P3"],"scoreLead":-7.099580706718267,"scoreMean":-7.099580706718267,"scoreSelfplay":-7.393238961633563,"scoreStdev":30.967709414670473,"utility":-0.23374321154979297,"utilityLcb":-0.493854724569466,"visits":9,"winrate":0.39090206083840495}],"rootInfo":{"currentPlayer":"W","scoreLead":-7.1039604141378705,"scoreSelfplay":-7.406553977671135,"scoreStdev":31.032757297898268,"symHash":"215BAF8265F4950EC41771439410160F","thisHash":"FA2C1B0E252C40AF31EB9DEC2CCCCD34","utility":-0.23704204318425443,"visits":10,"winrate":0.3893334092842313},"turnNumber":2}
{"id":"foo","isDuringSearch":false,"moveInfos":[{"lcb":0.854138665060899,"move":"D5","order":0,"prior":0.7412821054458618,"pv":["D5","D3","E3","E4"],"scoreLead":11.618362593202717,"scoreMean":11.618362593202717,"scoreSelfplay":18.725888508580972,"scoreStdev":10.306273285417971,"utility":0.8993772978653257,"utilityLcb":0.5172688591757129,"visits":7,"winrate":0.9906059645929035},{"lcb":-0.006461670040152967,"move":"D4","order":1,"prior":0.2125396877527237,"pv":["D4","D5"],"scoreLead":12.107516765594482,"scoreMean":12.107516765594482,"scoreSelfplay":23.27854347229004,"scoreStdev":10.361005821865659,"utility":1.0060729670146888,"utilityLcb":-2.8000000000000003,"visits":2,"winrate":0.993538329959847}],"ownership":[0.4645487365002433,0.473315671707193,0.48482524168988067,0.4943412610640128,0.4233117504045367,0.29442838951945305,0.28823012571471435,0.4150194423273206,0.4905327968299389,0.45762286459406215,0.5961002397040526,0.5089843080689509,0.3599361212303241,0.17039947615315515,0.4265123872707287,0.5449564134081204,0.9545526516934235,0.942943590382735,0.4946430666993062,0.360389137485375,0.16284138693784672,0.26608254853636026,0.4250685659547647,0.35027946531772614,0.3777095836897691,0.4864371884614229,0.1283011892810464,0.06146388011984527,0.1787174455821514,0.1185879121379306,0.3616383345797658,-0.3148775634666284,0.05329613589371244,-0.12789332020717362,-0.004546082636807113,-0.06784396090855199,-0.08721196666980781,-0.26121532761802274,-0.2672046394242595,-0.2789624745879943,-0.24225576555666825,-0.1805269958761831,-0.06020523887127638,-0.18746638298034665,-0.21813517545039454,-0.25264137486616767,-0.26012599491514266,-0.3629272195200125,-0.22809416280748943],"policy":[2.0382125512696803e-05,3.4856358979595825e-05,3.160303458571434e-05,2.995804425154347e-05,3.4272725315531716e-05,5.183404209674336e-05,3.582589124562219e-05,3.178217593813315e-05,0.00045726177631877363,-1.0,0.006051264237612486,8.293071005027741e-05,6.732349720550701e-05,5.2937793952878565e-05,3.0991188396001235e-05,0.00010964144166791812,-1.0,0.7412821054458618,0.009767647832632065,9.512242104392499e-05,4.483770680963062e-05,3.297085640951991e-05,0.0002135054237442091,0.0024477511178702116,0.2125396877527237,0.02202644757926464,8.887532021617517e-05,4.5526780013460666e-05,4.1031482396647334e-05,6.149307591840625e-05,0.0004886192036792636,0.002610792638733983,0.0002784563694149256,5.9603116824291646e-05,3.7326150049921125e-05,3.589305924833752e-05,6.115999713074416e-05,8.390779112232849e-05,6.800946721341461e-05,6.317982479231432e-05,6.103466512286104e-05,4.0445269405609e-05,3.6011002521263435e-05,4.210546467220411e-05,4.285999239073135e-05,4.065843313583173e-05,3.9432994526578113e-05,4.3480831664055586e-05,3.231165464967489e-05,2.4919008865254e-05],"rootInfo":{"currentPlayer":"W","scoreLead":12.173160001917926,"scoreSelfplay":21.006958473340667,"scoreStdev":11.107491589289335,"symHash":"142D62B902727ED7A147F45224109E72","thisHash":"290AC1DB39349793CE09682AF7CA6A6E","utility":0.9456343551178659,"visits":10,"winrate":0.9917462775377412},"turnNumber":2}
{"id":"foo","isDuringSearch":false,"moveInfos":[{"lcb":-0.2613878633400959,"move":"D5","order":0,"prior":0.6394885778427124,"pv":["D5","D6","D4","B6"],"scoreLead":-1.8243875213175809,"scoreMean":-1.8243875213175809,"scoreSelfplay":-3.0831947535094684,"scoreStdev":12.8010971843085,"utility":-0.4827054228092451,"utilityLcb":-2.063615883347172,"visits":6,"winrate":0.3032230154234492},{"lcb":-0.788806326687336,"move":"D4","order":1,"prior":0.14551059901714325,"pv":["D4","D5"],"scoreLead":-3.0347774028778076,"scoreMean":-3.0347774028778076,"scoreSelfplay":-4.621609687805176,"scoreStdev":12.374544682360389,"utility":-0.7341534994736023,"utilityLcb":-2.8000000000000003,"visits":2,"winrate":0.21119367331266403},{"lcb":-0.9332338497042656,"move":"D6","order":2,"prior":0.18165148794651031,"pv":["D6"],"scoreLead":-6.106382369995117,"scoreMean":-6.106382369995117,"scoreSelfplay":-8.38717269897461,"scoreStdev":12.507418438764276,"utility":-0.9834137033253338,"utilityLcb":-2.8000000000000003,"visits":1,"winrate":0.0667661502957344}],"ownership":[-0.23664550057479314,-0.371830638897206,-0.2886280928339277,-0.3372761681675911,0.043427713215351126,-0.10946988666962298,0.14408599053110396,-0.2433404278542314,-0.17024182900786397,-0.010932361440999138,-0.3693427302475486,0.046085225684302206,-0.006055058113166239,0.05410241076190558,-0.1814115856375013,-0.20225804086242402,-0.6505188005311149,0.621808471424239,0.04586961386459215,0.1403540415423257,0.12573064650808063,-0.1691601678196873,-0.0831008955304112,-0.021259248123637275,0.22639216269765577,0.10908031729715212,0.27299794661147253,0.06842373032122852,-0.12105309324605125,0.005689655031476689,0.0661566773695605,0.06853900297677941,0.1714874676295689,0.24506650386112075,0.09128311994884696,-0.057223432032125335,0.012347167623894543,0.058049709136996946,0.10997192594887954,0.08520397903131587,0.17294381079929214,0.07959487023098129,-0.008487240577648793,-0.04480457166209817,-0.02792630184973989,-0.021610442282898087,0.008432292279654316,0.14240854579423154,0.148542192365442],"policy":[6.621290958719328e-05,0.003815069794654846,-1.0,0.0002629311929922551,0.00012846717436332256,0.0001640383416088298,0.00013773542013950646,0.00016820087330415845,0.0012625583913177252,-1.0,0.18165148794651031,0.0003356606757733971,0.00017447990830987692,0.00017165890312753618,8.578882261645049e-05,0.0014379472704604268,-1.0,0.6394885778427124,0.005689484067261219,0.0002044457505689934,0.00013973948080092669,0.00010045620001619682,0.00014987241593189538,0.0032099541276693344,0.14551059901714325,0.0059579890221357346,0.00016520700592081994,0.0001426831295248121,0.00011302427446935326,0.00020593981025740504,0.0006972543196752667,0.005314713343977928,0.0006349553586915135,0.00019776989938691258,0.0001302669261349365,0.0001468901027692482,0.00014231687237042934,0.00019490031991153955,0.00015522382454946637,0.00018447759794071317,0.0001554301707074046,0.00013898484758101404,0.00014536998060066253,0.00014589579950552434,0.00011336236639181152,0.00012257769412826747,0.00012218367191962898,0.0001289902866119519,0.00012907655036542565,5.909689934924245e-05],"rootInfo":{"currentPlayer":"B","scoreLead":-1.8382064706691499,"scoreSelfplay":-2.942225065386045,"scoreStdev":12.908377934176361,"symHash":"478E9637C4E9D7DD298C5EDA99EA7431","thisHash":"90E43B353BA64F45F3186642D389E6E7","utility":-0.4475939966099693,"visits":10,"winrate":0.3152632811715197},"turnNumber":3}
